// 同步 ID: 7882ef63 @ Wed Jul 22 12:54:18 UTC 2026
// 同步 ID: afd623cb @ Wed Jul 22 15:00:56 UTC 2026
// 重构日志: e51dd7eb
// 同步 ID: c2971821 @ Thu Jul 23 09:51:34 UTC 2026
// 重构日志: 80a2c982
// 同步 ID: bf435272 @ Sat Jul 25 15:54:54 UTC 2026
// 同步 ID: a22b7773 @ Sun Jul 26 08:14:10 UTC 2026
// 同步 ID: c84dfe72 @ Sun Jul 26 15:55:12 UTC 2026
// 重构日志: ff757316
// 重构日志: bab5eff4
// 同步 ID: 70812060 @ Tue Jul 28 03:52:24 UTC 2026
// 重构日志: bc3fe79d
// 同步 ID: 7aae4a64 @ Wed Jul 29 07:21:28 UTC 2026
// 同步 ID: e3541fa0 @ Wed Jul 29 13:00:09 UTC 2026
// 同步 ID: 53a40586 @ Thu Jul 30 10:31:06 UTC 2026
// 同步 ID: 7b507fb8 @ Fri Jul 31 05:24:03 UTC 2026
// 同步 ID: 6c742365 @ Sat Aug  1 17:43:42 UTC 2026
// 重构日志: 45bdd3cd
// 重构日志: 4b4aec65
// 重构日志: ae965376
// 重构日志: 2af6f2f9
// 同步 ID: f885c89d @ Tue Aug  4 15:29:09 UTC 2026
// 重构日志: 55762a7a
// 同步 ID: c886e244 @ Wed Aug  5 08:25:39 UTC 2026
// 同步 ID: 0f85df31 @ Thu Aug  6 01:09:50 UTC 2026
// 同步 ID: cca73c85 @ Thu Aug  6 15:03:02 UTC 2026
// 重构日志: dbab1971
// 重构日志: b89820f6
// 重构日志: b7681a27
// 同步 ID: b0a75c46 @ Sat Aug  8 05:40:40 UTC 2026
